// Vitest Snapshot v1, https://vitest.dev/guide/snapshot.html

exports[`computeParams persona snapshots (regression lock) > persona: Amara 1`] = `
{
  "attachmentSecurity": 0.5,
  "casualTouch": 0.205,
  "conflictApproach": 0.3625,
  "deepFriendships": 0.75,
  "emptyPhysBarrier": 0.82,
  "mapped": 0.5,
  "openness": 0.145,
  "playfulness": 0.3525,
  "romanticLove": 0.9725,
  "selfIntimacy": 0.61,
  "tenderMiddle": 0.3275,
  "uncertaintyTolerance": 0.1,
  "ungroundedBarrier": 0.785,
}
`;

exports[`computeParams persona snapshots (regression lock) > persona: Devi 1`] = `
{
  "attachmentSecurity": 0.5225,
  "casualTouch": 0.1525,
  "conflictApproach": 0.2575,
  "deepFriendships": 0.8175,
  "emptyPhysBarrier": 0.8425,
  "mapped": 0.5925,
  "openness": 0.345,
  "playfulness": 0.3725,
  "romanticLove": 0.945,
  "selfIntimacy": 0.6725,
  "tenderMiddle": 0.36,
  "uncertaintyTolerance": 0.32,
  "ungroundedBarrier": 0.7,
}
`;

exports[`computeParams persona snapshots (regression lock) > persona: Elena 1`] = `
{
  "attachmentSecurity": 0.7,
  "casualTouch": 0.79,
  "conflictApproach": 0.655,
  "deepFriendships": 0.9275,
  "emptyPhysBarrier": 0.225,
  "mapped": 0.7525,
  "openness": 0.89,
  "playfulness": 0.635,
  "romanticLove": 0.355,
  "selfIntimacy": 0.785,
  "tenderMiddle": 0.8425,
  "uncertaintyTolerance": 0.6925,
  "ungroundedBarrier": 0.28,
}
`;

exports[`computeParams persona snapshots (regression lock) > persona: James 1`] = `
{
  "attachmentSecurity": 0.595,
  "casualTouch": 0.82,
  "conflictApproach": 0.6325,
  "deepFriendships": 0.61,
  "emptyPhysBarrier": 0.2225,
  "mapped": 0.5625,
  "openness": 0.845,
  "playfulness": 0.73,
  "romanticLove": 0.5775,
  "selfIntimacy": 0.3975,
  "tenderMiddle": 0.7875,
  "uncertaintyTolerance": 0.7725,
  "ungroundedBarrier": 0.195,
}
`;

exports[`computeParams persona snapshots (regression lock) > persona: Kai 1`] = `
{
  "attachmentSecurity": 0.4725,
  "casualTouch": 0.85,
  "conflictApproach": 0.6325,
  "deepFriendships": 0.395,
  "emptyPhysBarrier": 0.2,
  "mapped": 0.595,
  "openness": 0.49,
  "playfulness": 0.755,
  "romanticLove": 0.465,
  "selfIntimacy": 0.475,
  "tenderMiddle": 0.8075,
  "uncertaintyTolerance": 0.65,
  "ungroundedBarrier": 0.27,
}
`;

exports[`computeParams persona snapshots (regression lock) > persona: Marcus 1`] = `
{
  "attachmentSecurity": 0.155,
  "casualTouch": 0.6475,
  "conflictApproach": 0.2575,
  "deepFriendships": 0.3125,
  "emptyPhysBarrier": 0.505,
  "mapped": 0.31,
  "openness": 0.125,
  "playfulness": 0.4775,
  "romanticLove": 0.9725,
  "selfIntimacy": 0.2625,
  "tenderMiddle": 0.4225,
  "uncertaintyTolerance": 0.26,
  "ungroundedBarrier": 0.555,
}
`;

exports[`computeParams persona snapshots (regression lock) > persona: Rin 1`] = `
{
  "attachmentSecurity": 0.455,
  "casualTouch": 0.2275,
  "conflictApproach": 0.745,
  "deepFriendships": 0.445,
  "emptyPhysBarrier": 0.72,
  "mapped": 0.645,
  "openness": 0.5725,
  "playfulness": 0.625,
  "romanticLove": 0.41,
  "selfIntimacy": 0.77,
  "tenderMiddle": 0.395,
  "uncertaintyTolerance": 0.63,
  "ungroundedBarrier": 0.405,
}
`;

exports[`computeParams persona snapshots (regression lock) > persona: Sofia 1`] = `
{
  "attachmentSecurity": 0.64,
  "casualTouch": 0.555,
  "conflictApproach": 0.655,
  "deepFriendships": 0.7825,
  "emptyPhysBarrier": 0.47,
  "mapped": 0.7275,
  "openness": 0.6325,
  "playfulness": 0.6,
  "romanticLove": 0.6875,
  "selfIntimacy": 0.66,
  "tenderMiddle": 0.8325,
  "uncertaintyTolerance": 0.6225,
  "ungroundedBarrier": 0.385,
}
`;
